{
  "version": 3,
  "sources": [ "comment.js" ],
  "file": "comment.js",
  "names": [ "define", "call" ],
  "mappings": "AACA;AAAA,aAAY;AAAA,IACVA,MAAA,C,SAAA,E,EAAA,EAAO,KAAP,EADU;AAAA,CAAZ,CAGGC,IAHH,CAGQ,IAHR",
  "sourcesContent": [ "// Generated by CoffeeScript 1.7.1\n(function() {\n  define(\"FOO\");\n\n}).call(this);\n" ]
}